
> mais-lumiere@0.1.0 build
> next build

▲ Next.js 16.3.8 (Turbopack)
✓ Running next.config.ts took 17ms

  Creating an optimized production build ...
✓ Compiled successfully in 429ms
  Running TypeScript ...
  Finished TypeScript in 960ms ...
  Collecting page data using 9 workers ...
  Generating static pages using 9 workers (0/8) ...
  Generating static pages using 9 workers (2/8) 
  Generating static pages using 9 workers (4/8) 
  Generating static pages using 9 workers (6/8) 
✓ Generating static pages using 9 workers (8/8) in 540ms
  Finalizing page optimization ...

Route (app)
┌ ○ /
├ ○ /_not-found
├ ○ /behandlungen
├ ○ /datenschutz
├ ○ /impressum
└ ○ /kontakt


○  (Static)  prerendered as static content

